{
  "01. Project 1~Development": [
    255,
    360,
    0,
    0,
    255,
    0,
    0
  ],
  "04. Project 4~Testing": [
    135,
    0,
    0,
    0,
    135,
    0,
    0
  ],
  "02. Project 2~Meetings": [
    105,
    0,
    0,
    0,
    105,
    0,
    0
  ],
  "01. Project 1~Testing": [
    30,
    0,
    0,
    360,
    30,
    0,
    0
  ],
  "04. Project 2~Meetings": [
    0,
    180,
    0,
    0,
    0,
    0,
    0
  ],
  "01. Project 1~Meetings": [
    0,
    0,
    360,
    0,
    0,
    0,
    0
  ],
  "04. Project 2~Development": [
    0,
    0,
    180,
    0,
    0,
    0,
    0
  ],
  "04. Project 1~Testing": [
    0,
    0,
    0,
    180,
    0,
    0,
    0
  ]
}